0 verbose cli E:\Projects\claw\.tools\node-v22.11.0-win-x64\node.exe E:\Projects\claw\.tools\node-v22.11.0-win-x64\node_modules\npm\bin\npm-cli.js
1 info using npm@10.9.0
2 info using node@v22.11.0
3 silly config load:file:E:\Projects\claw\.tools\node-v22.11.0-win-x64\node_modules\npm\npmrc
4 silly config load:file:E:\Projects\claw\.npmrc
5 silly config load:file:E:\Projects\claw\.home\.npmrc
6 silly config load:file:E:\Projects\claw\.tools\node-v22.11.0-win-x64\etc\npmrc
7 verbose title npm exec pnpm install
8 verbose argv "exec" "pnpm" "install"
9 verbose logfile logs-max:10 dir:E:\Projects\claw\.npm-cache\_logs\2026-03-29T19_23_22_619Z-
10 verbose logfile E:\Projects\claw\.npm-cache\_logs\2026-03-29T19_23_22_619Z-debug-0.log
11 silly logfile done cleaning log files
12 silly packumentCache heap:2197815296 maxSize:549453824 maxEntrySize:274726912
13 http fetch GET 200 https://registry.npmjs.org/pnpm 1573ms (cache updated)
14 silly packumentCache heap:2197815296 maxSize:549453824 maxEntrySize:274726912
15 silly packumentCache heap:2197815296 maxSize:549453824 maxEntrySize:274726912
16 verbose cwd E:\Projects\claw
17 verbose os Windows_NT 10.0.19045
18 verbose node v22.11.0
19 verbose npm  v10.9.0
20 verbose exit 1
21 verbose code 1
