0 verbose cli E:\Projects\claw\.tools\node-v22.11.0-win-x64\node.exe E:\Projects\claw\.tools\node-v22.11.0-win-x64\node_modules\npm\bin\npm-cli.js
1 info using npm@10.9.0
2 info using node@v22.11.0
3 silly config load:file:E:\Projects\claw\.tools\node-v22.11.0-win-x64\node_modules\npm\npmrc
4 silly config load:file:E:\Projects\claw\.npmrc
5 silly config load:file:E:\Projects\claw\.home\.npmrc
6 silly config load:file:E:\Projects\claw\.tools\node-v22.11.0-win-x64\etc\npmrc
7 verbose title npm exec pnpm@10.33.0 -v
8 verbose argv "exec" "pnpm@10.33.0" "--" "-v"
9 verbose logfile logs-max:10 dir:E:\Projects\claw\.npm-cache\_logs\2026-03-29T19_43_45_300Z-
10 verbose logfile E:\Projects\claw\.npm-cache\_logs\2026-03-29T19_43_45_300Z-debug-0.log
11 silly logfile start cleaning logs, removing 1 files
12 silly logfile done cleaning log files
13 silly packumentCache heap:2197815296 maxSize:549453824 maxEntrySize:274726912
14 http fetch GET 200 https://registry.npmjs.org/pnpm 4115ms (cache updated)
15 silly packumentCache heap:2197815296 maxSize:549453824 maxEntrySize:274726912
16 silly packumentCache heap:2197815296 maxSize:549453824 maxEntrySize:274726912
17 warn exec The following package was not found and will be installed: pnpm@10.33.0
18 silly idealTree buildDeps
19 silly fetch manifest pnpm@10.33.0
20 silly packumentCache full:https://registry.npmjs.org/pnpm cache-miss
21 http fetch GET 200 https://registry.npmjs.org/pnpm 437ms (cache hit)
22 silly packumentCache full:https://registry.npmjs.org/pnpm set size:5301241 disposed:false
23 silly placeDep ROOT pnpm@10.33.0 OK for:  want: 10.33.0
24 silly reify moves {}
25 silly audit bulk request { pnpm: [ '10.33.0' ] }
26 http fetch POST 200 https://registry.npmjs.org/-/npm/v1/security/advisories/bulk 97ms
27 silly audit report {}
28 verbose cwd E:\Projects\claw
29 verbose os Windows_NT 10.0.19045
30 verbose node v22.11.0
31 verbose npm  v10.9.0
32 verbose exit 1
33 verbose code 1
